 1◈ Dashboard ╎ 2✉ Messages · 3◍ Threads ╎ 4⚙ Agents ╎ 5⌕ Search ╎ 6⚿ Reservations ╎ 7◴ Tool Metrics · 8♥ System Health ╎ 9◷ Timeline · 0▣ Projects            >
╭──────────╮╭──────────╮╭──────────╮╭──────────╮╭──────────╮╭──────────╮╭──────────╮╭──────────╮╭──────────╮╭──────────╮╭──────────╮╭──────────╮╭──────────────╮
│Messages  ││Ack Pend  ││Locks     ││Agents    ││Contacts  ││Projects  ││Requests  ││Avg Lat   ││Error %   ││4xx       ││Ring Fill ││Drops     ││Uptime        │
╰──────────╯╰──────────╯╰──────────╯╰──────────╯╰──────────╯╰──────────╯╰──────────╯╰──────────╯╰──────────╯╰──────────╯╰──────────╯╰──────────╯╰──────────────╯
╭Events (0/0) [FOLLOW] [Verbose] [filter: All]─────────────────────────────────────────────────────────────────────────────────────────────────────────────────╮
│                                                                                                                                                              │
│  [A:All]  [M:Msg]  [O:Tools]  [R:Resv]                                                                                                                       │
│ No events yet.                                                                                                                                               │
│ Waiting for HTTP/tool/message tra╭ Help & Keybindings (j/k to scroll) (F1/Esc close) ─────────────────────────────────────╮                                  │
│ Enter opens Timeline/Search conte│t when results are available.                                                           │                                  │
│                                  │   Dashboard                                                                            │                                  │
│                                  │   Overview of projects, agents, and live request counters.                             │                                  │
│                                  │   Use this screen for first-pass operational triage before drilling into a narrower s  │                                  │
│                                  │                                                                                        │                                  │
│                                  │   Bindings on this screen are rendered live below from the registry, so the overlay s  │                                  │
│                                  │                                                                                        │                                  │
│                                  │   Robot CLI equivalent: `am robot status --project /abs/path --agent <AgentName>`      │                                  │
│                                  │                                                                                        │                                  │
│                                  │   Related screens: System Health, Timeline, Analytics.                                 │                                  │
│                                  │     j/k              Scroll event log                                                  │                                  │
│                                  │     Enter            Search (if query) or timeline event                               │                                  │
│                                  │     Click            Edit live filter / choose quick filter                            │                                  │
│                                  │     Esc              Clear live filter / quit confirm                                  │                                  │
│                                  │     f                Toggle auto-follow                                                │                                  │
│                                  │     v                Cycle verbosity tier                                              │                                  │
│                                  │     t                Cycle quick filter                                                │                                  │
│                                  │     A/M/O/R          Set filter (All/Msg/Tools/Resv)                                   │                                  │
│                                  │     G                Jump to bottom                                                    │                                  │
│                                  │     g                Jump to top                                                       │                                  │
│                                  │     p                Toggle trend panel                                                │                                  │
│                                  │     l                Toggle console log                                                │                                  │
│                                  │     Mouse            Focus panels, select filter, or scroll event log                  │                                  │
│                                  │  ────────────────────────────────────────────────────────────────────────────────────  │                                  │
│                                  │   Global (Default)                                                                     │                                  │
│                                  │   Shared navigation, overlays, accessibility, and shell controls.                      │                                  │
│                                  │   Use `F1` or `?` to open context-aware help for the active screen. Use `j`/`k` or th  │                                  │
│                                  │                                                                                        │                                  │
│                                  │   Bindings shown in this overlay come from the live keybinding registry, so the help   │                                  │
│                                  │                                                                                        │                                  │
│                                  ╰────────────────────────────────────────────────────────────────────────────────────────╯                                  │
│                                                                                                                                                              │
│                                                                                                                                                              │
│                                                                                                                                                              │
│                                                                                                                                                              │
│                                                                                                                                                              │
╰──────────────────────────────────────────────────────────────────────────────────────────────────────────────────────────────────────────────────────────────╯
 Req:0 Avg:0ms 2xx:0 4xx:0 5xx:0   Events:0/10000 (0%) Drops:0                                                                                                  
 Dashboard mcp up:0m00s                            req:0 ok:0 err:0 avg:0ms ·  j/k  Scroll event log                            LIVE Cyberpunk Aurora [^P] [F1] 